 ACCALL - Accessibility calculations
 MAX RESIDUES     5000
 MAX ATOMS/RES     100
 PDB FILE INPUT 7EKF_cmip_chain_B.pdbqt
 PROBE SIZE       1.40
 Z-SLICE WIDTH   0.050
 VDW RADII FILE vdw.radii
 EXCL HETATOMS
 EXCL HYDROGENS
 EXCL WATERS
 READVDW  32 residues input
 UNKNOWN residue type.............> HIE B 519 
 NON-STANDARD atom.| N  | in residue> HIE B 519 
 ASSUMED vdw of  N   in HIE B 519  =  1.65 (same as ALA)
 NON-STANDARD atom.| CA | in residue> HIE B 519 
 ASSUMED vdw of  CA  in HIE B 519  =  1.87 (same as ALA)
 NON-STANDARD atom.| C  | in residue> HIE B 519 
 ASSUMED vdw of  C   in HIE B 519  =  1.76 (same as ALA)
 NON-STANDARD atom.| O  | in residue> HIE B 519 
 ASSUMED vdw of  O   in HIE B 519  =  1.40 (same as ALA)
 NON-STANDARD atom.| CB | in residue> HIE B 519 
 ASSUMED vdw of  CB  in HIE B 519  =  1.87 (same as ALA)
 NON-STANDARD atom.| CG | in residue> HIE B 519 
 ASSUMED vdw of  CG  in HIE B 519  =  1.87 (same as ARG)
 NON-STANDARD atom.| ND1| in residue> HIE B 519 
 ASSUMED vdw of  ND1 in HIE B 519  =  1.65 (same as HIS)
 NON-STANDARD atom.| CD2| in residue> HIE B 519 
 ASSUMED vdw of  CD2 in HIE B 519  =  1.76 (same as HIS)
 NON-STANDARD atom.| CE1| in residue> HIE B 519 
 ASSUMED vdw of  CE1 in HIE B 519  =  1.76 (same as HIS)
 NON-STANDARD atom.| NE2| in residue> HIE B 519 
 ASSUMED vdw of  NE2 in HIE B 519  =  1.65 (same as GLN)
 ADDED VDW RADII
 CHAINS       1
 RESIDUES   195
 ATOMS     1723
 SOLVA: PROGRAM ENDS CORRECTLY
 CALCULATED ATOMIC ACCESSIBILITES
 RELATIVE (STANDARD) ACCESSIBILITIES READFOR  20 AMINO ACIDS
 SUMMED ACCESSIBILITIES OVER RESIDUES
